
> luach-tahara@0.0.0 test
> vitest --run


[1m[46m RUN [49m[22m [36mv4.0.16 [39m[90mC:/repos_git/luach-tahara[39m

Terminate batch job (Y/N)? Terminate batch job (Y/N)? 